Feb25.txt
DM444 is not a valid employee ID number.
Feb25.txt
AB212 is not a valid employee ID number.
Mar25.txt
ZZ212 is not a valid employee ID number.
Apr25.txt
XX112 is not a valid employee ID number.
